[linktr.ee/ibrahimigdir.html]
[backblue.gif]
[fade.gif]
[index.html]
[cdn-au.onetrust.com/scripttemplates/otSDKStub.js]
[assets.production.linktr.ee/cep/cep.min1b26.js]
[www.googleadservices.com/pagead/f.txt]
[sdk.snapkit.com/js/v1/create.js]
[assets.production.linktr.ee/profiles/_next/static/chunks/polyfills-a40ef1678bae11e696dba45124eadd70.js]
[assets.production.linktr.ee/profiles/_next/static/chunks/webpack-d0fb45b0dcb4829b0433.js]
[assets.production.linktr.ee/profiles/_next/static/chunks/framework-a929912f0fe5230d9af8.js]
[assets.production.linktr.ee/profiles/_next/static/chunks/main-799ca2d3a032bd3f8659.js]
[assets.production.linktr.ee/profiles/_next/static/chunks/pages/_app-b57e1b1eb518f5398881.js]
[assets.production.linktr.ee/profiles/_next/static/chunks/pages/[profile]-a43778278b94539ea612.js]
[assets.production.linktr.ee/profiles/_next/static/17074446ad68a4281d53f5dfb3dd99cdf2107d55/_buildManifest.js]
[assets.production.linktr.ee/profiles/_next/static/17074446ad68a4281d53f5dfb3dd99cdf2107d55/_ssgManifest.js]
[ugc.production.linktr.ee/4xXbzFtXRJio3zvjMkSV_vecteezy_whatsapp-logo-transparent-png_22101124_293.png]
[ugc.production.linktr.ee/zTFQ8AATdawo1qCJtRD3_vecteezy_instagram-logo-png_21460402_309.png]
[ugc.production.linktr.ee/3oEx5HvTRpiWybo6JJR7_vecteezy_youtube-logo-transparent-png_24983592_622.png]
[ugc.production.linktr.ee/jdg6Q8cQY6VI89DTcWhE_twitter-x-seeklogo.com-2.png]
[ugc.production.linktr.ee/SAqAlaPfQmCP5ulseymr_vecteezy_steam-logo-transparent-png_24693623_827.png]
[ugc.production.linktr.ee/ZpwzAxPHRDSB7sW8bIdi_vecteezy_snapchat-logo-png-free-download_21460234_366.png]
[ugc.production.linktr.ee/OUEkXAVQh25sjmRi6VUN_vecteezy_spotify-logo-transparent-png_22100989_266.png]
[ugc.production.linktr.ee/ZSlDuFnQ1CdThYSwlzQz_vecteezy_telegram-logo-transparent-png_24983616_147.png]
[ugc.production.linktr.ee/mMri6kF1TK7jsUpimWWQ_vecteezy_discord-logo-transparent-png_21460465_337.png]
[ugc.production.linktr.ee/1vbUXDCJRrGBoCfDXWRy_vecteezy_twitch-logo-transparent-png_21613776_984.png]
[ugc.production.linktr.ee/o6DJDzz0Rmaw008TgCzC_vecteezy_threads-logo-png-black_26555082_407.png]
[linktr.ee/ibrahimigdir.html]
[assets.production.linktr.ee/profiles/_next/static/media/flags.007b2705c0a8f69dfdf6ea1bfa0341c9.png]
[assets.production.linktr.ee/profiles/_next/static/css/a1496ae562b846943f52.css]
